---
source: src/main.rs
expression: parsed
input_file: test-data/extra/numbers.lua
---
[
    Variable {
        names: [
            (
                "num",
                false,
            ),
        ],
        values: [
            [
                Symbol(
                    "0",
                ),
            ],
        ],
        line: 2,
        column: 0,
    },
    Variable {
        names: [
            (
                "num",
                false,
            ),
        ],
        values: [
            [
                Symbol(
                    "1.0",
                ),
            ],
        ],
        line: 3,
        column: 0,
    },
    Variable {
        names: [
            (
                "num",
                false,
            ),
        ],
        values: [
            [
                Symbol(
                    "1.0",
                ),
            ],
        ],
        line: 4,
        column: 0,
    },
    Variable {
        names: [
            (
                "num",
                false,
            ),
        ],
        values: [
            [
                Symbol(
                    "0.1",
                ),
            ],
        ],
        line: 5,
        column: 0,
    },
    Variable {
        names: [
            (
                "num",
                false,
            ),
        ],
        values: [
            [
                Symbol(
                    "1.0e10",
                ),
            ],
        ],
        line: 6,
        column: 0,
    },
    Variable {
        names: [
            (
                "num",
                false,
            ),
        ],
        values: [
            [
                Symbol(
                    "1.0e+10",
                ),
            ],
        ],
        line: 7,
        column: 0,
    },
    Variable {
        names: [
            (
                "num",
                false,
            ),
        ],
        values: [
            [
                Symbol(
                    "1.0e-10",
                ),
            ],
        ],
        line: 8,
        column: 0,
    },
    Variable {
        names: [
            (
                "num",
                false,
            ),
        ],
        values: [
            [
                Symbol(
                    "1.0e10",
                ),
            ],
        ],
        line: 9,
        column: 0,
    },
    Variable {
        names: [
            (
                "num",
                false,
            ),
        ],
        values: [
            [
                Symbol(
                    "1.0e+10",
                ),
            ],
        ],
        line: 10,
        column: 0,
    },
    Variable {
        names: [
            (
                "num",
                false,
            ),
        ],
        values: [
            [
                Symbol(
                    "1.0e-10",
                ),
            ],
        ],
        line: 11,
        column: 0,
    },
    Variable {
        names: [
            (
                "num",
                false,
            ),
        ],
        values: [
            [
                Symbol(
                    "1e10",
                ),
            ],
        ],
        line: 12,
        column: 0,
    },
    Variable {
        names: [
            (
                "num",
                false,
            ),
        ],
        values: [
            [
                Symbol(
                    "1e+10",
                ),
            ],
        ],
        line: 13,
        column: 0,
    },
    Variable {
        names: [
            (
                "num",
                false,
            ),
        ],
        values: [
            [
                Symbol(
                    "1e-10",
                ),
            ],
        ],
        line: 14,
        column: 0,
    },
    Variable {
        names: [
            (
                "num",
                false,
            ),
        ],
        values: [
            [
                Symbol(
                    "1e10",
                ),
            ],
        ],
        line: 15,
        column: 0,
    },
    Variable {
        names: [
            (
                "num",
                false,
            ),
        ],
        values: [
            [
                Symbol(
                    "1e+10",
                ),
            ],
        ],
        line: 16,
        column: 0,
    },
    Variable {
        names: [
            (
                "num",
                false,
            ),
        ],
        values: [
            [
                Symbol(
                    "1e-10",
                ),
            ],
        ],
        line: 17,
        column: 0,
    },
    Variable {
        names: [
            (
                "num",
                false,
            ),
        ],
        values: [
            [
                Symbol(
                    "0.1e10",
                ),
            ],
        ],
        line: 18,
        column: 0,
    },
    Variable {
        names: [
            (
                "num",
                false,
            ),
        ],
        values: [
            [
                Symbol(
                    "0.1e+10",
                ),
            ],
        ],
        line: 19,
        column: 0,
    },
    Variable {
        names: [
            (
                "num",
                false,
            ),
        ],
        values: [
            [
                Symbol(
                    "0.1e-10",
                ),
            ],
        ],
        line: 20,
        column: 0,
    },
    Variable {
        names: [
            (
                "num",
                false,
            ),
        ],
        values: [
            [
                Symbol(
                    "1.0e10",
                ),
            ],
        ],
        line: 21,
        column: 0,
    },
    Variable {
        names: [
            (
                "num",
                false,
            ),
        ],
        values: [
            [
                Symbol(
                    "1.0e+10",
                ),
            ],
        ],
        line: 22,
        column: 0,
    },
    Variable {
        names: [
            (
                "num",
                false,
            ),
        ],
        values: [
            [
                Symbol(
                    "1.0e-10",
                ),
            ],
        ],
        line: 23,
        column: 0,
    },
    Variable {
        names: [
            (
                "num",
                false,
            ),
        ],
        values: [
            [
                Symbol(
                    "0x12",
                ),
            ],
        ],
        line: 24,
        column: 0,
    },
    Variable {
        names: [
            (
                "num",
                false,
            ),
        ],
        values: [
            [
                Symbol(
                    "1.125",
                ),
            ],
        ],
        line: 25,
        column: 0,
    },
    Variable {
        names: [
            (
                "num",
                false,
            ),
        ],
        values: [
            [
                Symbol(
                    "1.1328125",
                ),
            ],
        ],
        line: 26,
        column: 0,
    },
    Variable {
        names: [
            (
                "num",
                false,
            ),
        ],
        values: [
            [
                Symbol(
                    "1",
                ),
            ],
        ],
        line: 27,
        column: 0,
    },
    Variable {
        names: [
            (
                "num",
                false,
            ),
        ],
        values: [
            [
                Symbol(
                    "0.0625",
                ),
            ],
        ],
        line: 29,
        column: 0,
    },
    Variable {
        names: [
            (
                "num",
                false,
            ),
        ],
        values: [
            [
                Symbol(
                    "4",
                ),
            ],
        ],
        line: 30,
        column: 0,
    },
    Variable {
        names: [
            (
                "num",
                false,
            ),
        ],
        values: [
            [
                Symbol(
                    "4",
                ),
            ],
        ],
        line: 31,
        column: 0,
    },
    Variable {
        names: [
            (
                "num",
                false,
            ),
        ],
        values: [
            [
                Symbol(
                    "0.25",
                ),
            ],
        ],
        line: 32,
        column: 0,
    },
    Variable {
        names: [
            (
                "num",
                false,
            ),
        ],
        values: [
            [
                Symbol(
                    "4",
                ),
            ],
        ],
        line: 33,
        column: 0,
    },
    Variable {
        names: [
            (
                "num",
                false,
            ),
        ],
        values: [
            [
                Symbol(
                    "4",
                ),
            ],
        ],
        line: 34,
        column: 0,
    },
    Variable {
        names: [
            (
                "num",
                false,
            ),
        ],
        values: [
            [
                Symbol(
                    "0.25",
                ),
            ],
        ],
        line: 35,
        column: 0,
    },
    Variable {
        names: [
            (
                "num",
                false,
            ),
        ],
        values: [
            [
                Symbol(
                    "0.25",
                ),
            ],
        ],
        line: 36,
        column: 0,
    },
    Variable {
        names: [
            (
                "num",
                false,
            ),
        ],
        values: [
            [
                Symbol(
                    "0.25",
                ),
            ],
        ],
        line: 37,
        column: 0,
    },
    Variable {
        names: [
            (
                "num",
                false,
            ),
        ],
        values: [
            [
                Symbol(
                    "0.015625",
                ),
            ],
        ],
        line: 38,
        column: 0,
    },
    Variable {
        names: [
            (
                "num",
                false,
            ),
        ],
        values: [
            [
                Symbol(
                    "4.5",
                ),
            ],
        ],
        line: 39,
        column: 0,
    },
    Variable {
        names: [
            (
                "num",
                false,
            ),
        ],
        values: [
            [
                Symbol(
                    "4.5",
                ),
            ],
        ],
        line: 40,
        column: 0,
    },
    Variable {
        names: [
            (
                "num",
                false,
            ),
        ],
        values: [
            [
                Symbol(
                    "0.28125",
                ),
            ],
        ],
        line: 40,
        column: 4,
    },
]
