---
source: src/main.rs
expression: compiled
input_file: test-data/extra/numbers.lua
---
local num = 0
local num = 1.0
local num = 1.
local num = 0.1
local num = 1.0e10
local num = 1.0e+10
local num = 1.0e-10
local num = 1.0E10
local num = 1.0E+10
local num = 1.0E-10
local num = 1e10
local num = 1e+10
local num = 1e-10
local num = 1E10
local num = 1E+10
local num = 1E-10
local num = 0.1e10
local num = 0.1e+10
local num = 0.1e-10
local num = 1.e10
local num = 1.e+10
local num = 1.e-10
local num = 0x12
local num = 0x1.2
local num = 0x1.2e2
local num = 0x1.
local num = 0x.1
